1970-01-01 01:16:20 LOG PURGED
1970-01-01 01:16:20 UNKNOWN=PURGE_LOGex
1970-01-01 01:16:21 TEST IGNORE: TEST_INOTIFY
1970-01-01 01:16:21 UNKNOWN=test.txt
1970-01-01 01:16:21 UNKNOWN=test2.txt
1970-01-01 01:16:21 UNKNOWN=test3.txt
1970-01-01 01:16:29 MEDIA
ID=4E28-7C59
TYPE=USB
PATH=/mnt/media_rw/4E28-7C59
MOUNT=/dev/block/vold/public:8,1 on /mnt/media_rw/4E28-7C59 type vfat (rw,dirsync,nosuid,nodev,noexec,relatime,uid=1023,gid=1023,fmask=0007,dmask=0007,allow_utime=0020,codepage=437,iocharset=iso8859-1,shortname=mixed,utf8,errors=remount-ro)
---
ID=92C8-EC43
TYPE=SD
PATH=/mnt/media_rw/92C8-EC43
MOUNT=/dev/block/vold/public:179,65 on /mnt/media_rw/92C8-EC43 type vfat (rw,dirsync,nosuid,nodev,noexec,relatime,uid=1023,gid=1023,fmask=0007,dmask=0007,allow_utime=0020,codepage=437,iocharset=iso8859-1,shortname=mixed,utf8,errors=remount-ro)
---
1970-01-01 01:18:53 ========================================
1970-01-01 01:18:53 USB WATCHER POLLING START
1970-01-01 01:18:53 INCOMING: /mnt/media_rw/4E28-7C59/incoming
1970-01-01 01:18:53 ========================================
1970-01-01 01:19:09 MEDIA
1970-01-01 01:19:09 MEDIA
ID=4E28-7C59
TYPE=USB
PATH=/mnt/media_rw/4E28-7C59
MOUNT=/dev/block/vold/public:8,1 on /mnt/media_rw/4E28-7C59 type vfat (rw,dirsync,nosuid,nodev,noexec,relatime,uid=1023,gid=1023,fmask=0007,dmask=0007,allow_utime=0020,codepage=437,iocharset=iso8859-1,shortname=mixed,utf8,errors=remount-ro)
---
ID=4E28-7C59
TYPE=USB
PATH=/mnt/media_rw/4E28-7C59
MOUNT=/dev/block/vold/public:8,1 on /mnt/media_rw/4E28-7C59 type vfat (rw,dirsync,nosuid,nodev,noexec,relatime,uid=1023,gid=1023,fmask=0007,dmask=0007,allow_utime=0020,codepage=437,iocharset=iso8859-1,shortname=mixed,utf8,errors=remount-ro)
---
ID=92C8-EC43
TYPE=SD
PATH=/mnt/media_rw/92C8-EC43
MOUNT=/dev/block/vold/public:179,65 on /mnt/media_rw/92C8-EC43 type vfat (rw,dirsync,nosuid,nodev,noexec,relatime,uid=1023,gid=1023,fmask=0007,dmask=0007,allow_utime=0020,codepage=437,iocharset=iso8859-1,shortname=mixed,utf8,errors=remount-ro)
---
ID=92C8-EC43
TYPE=SD
PATH=/mnt/media_rw/92C8-EC43
MOUNT=/dev/block/vold/public:179,65 on /mnt/media_rw/92C8-EC43 type vfat (rw,dirsync,nosuid,nodev,noexec,relatime,uid=1023,gid=1023,fmask=0007,dmask=0007,allow_utime=0020,codepage=437,iocharset=iso8859-1,shortname=mixed,utf8,errors=remount-ro)
---
1970-01-01 01:20:09 HELP
1970-01-01 01:20:09 HELP


RK322X DEPLOY
RK322X DEPLOY


Commandes:
Commandes:
  SEND_LOGS    Collecter les logs
  SEND_LOGS    Collecter les logs


1970-01-01 01:20:57 ========================================
1970-01-01 01:20:57 USB WATCHER POLLING START
1970-01-01 01:20:57 INCOMING: /mnt/media_rw/4E28-7C59/incoming
1970-01-01 01:20:57 ========================================
1970-01-01 01:21:27 HELP

RK322X DEPLOY

Commandes:
  SEND_LOGS    Collecter les logs

1970-01-01 01:23:51 HELP

RK322X DEPLOY

Commandes:
  SEND_LOGS    Collecter les logs

1970-01-01 01:24:38 HELP

RK322X DEPLOY

Commandes:
  SEND_LOGS    Collecter les logs

1970-01-01 01:26:10 HELP

RK322X DEPLOY

Commandes:
  SEND_LOGS    Collecter les logs

1970-01-01 01:34:08 HELP

RK322X DEPLOY

Commandes:
  SEND_LOGS    Collecter les logs

1970-01-01 01:36:40 HELP

RK322X DEPLOY

Commandes:
  SEND_LOGS    Collecter les logs

1970-01-01 01:38:06 HELP

RK322X DEPLOY

Commandes:
  SEND_LOGS    Collecter les logs

1970-01-01 01:41:19 HELP

RK322X DEPLOY

Commandes:
  SEND_LOGS    Collecter les logs

1970-01-01 01:45:44 HELP

RK322X DEPLOY

Commandes:
  SEND_LOGS    Collecter les logs

